CCS PCM C Compiler, Version 4.114, 93460303               12-May-14 22:31

               Filename: D:\DOCUMENT\HK8\Luan Van Tot Nghiep\NhietDo\main.lst

               ROM used: 25 words (0%)
                         Largest free fragment is 2048
               RAM used: 5 (1%) at main() level
                         5 (1%) worst case
               Stack:    0 locations

*
0000:  MOVLW  00
0001:  MOVWF  0A
0002:  GOTO   004
0003:  NOP
.................... #include <main.h> 
.................... #include <16F887.h> 
.................... //////// Standard Header file for the PIC16F887 device //////////////// 
.................... #device PIC16F887 
.................... #list 
....................  
.................... #device adc=16 
....................  
.................... #FUSES NOWDT                 	//No Watch Dog Timer 
.................... #FUSES HS                    	//High speed Osc (> 4mhz for PCM/PCH) (>10mhz for PCD) 
.................... #FUSES NOBROWNOUT            	//No brownout reset 
.................... #FUSES NOLVP                 	//No low voltage prgming, B3(PIC16) or B5(PIC18) used for I/O 
....................  
.................... #use delay(clock=8000000) 
....................  
....................  
....................  
....................  
....................  
.................... void main() 
.................... { 
0004:  CLRF   04
0005:  BCF    03.7
0006:  MOVLW  1F
0007:  ANDWF  03,F
0008:  BSF    03.5
0009:  BSF    03.6
000A:  MOVF   09,W
000B:  ANDLW  C0
000C:  MOVWF  09
000D:  BCF    03.6
000E:  BCF    1F.4
000F:  BCF    1F.5
0010:  MOVLW  00
0011:  BSF    03.6
0012:  MOVWF  08
0013:  BCF    03.5
0014:  CLRF   07
0015:  CLRF   08
0016:  CLRF   09
....................    //setup_comparator(NC_NC_NC_NC);// This device COMP currently not supported by the PICWizard 
....................  
....................    while(TRUE) 
....................    { 
....................       //TODO: User Code 
....................    } 
0017:  GOTO   017
....................  
.................... } 
0018:  SLEEP

Configuration Fuses:
   Word  1: 2CE2   HS NOWDT PUT MCLR NOPROTECT NOCPD NOBROWNOUT IESO FCMEN NOLVP NODEBUG
   Word  2: 3FFF   BORV40 NOWRT
